nohup: ignoring input
nohup: ignoring input
Traceback (most recent call last):
  File "playsome.py", line 38, in <module>
    play(board, p, 40, ts)
  File "playsome.py", line 24, in play
    board.set(x,y)
  File "/home/wgiersche/workspace/DeepGomoku/venv/lib/python3.5/site-packages/wgomoku/GomokuBoard.py", line 80, in set
    raise(ValueError("Position (%s, %s) is occupied." % (x,y)))
ValueError: Position (9, 9) is occupied.
nohup: ignoring input
nohup: ignoring input
nohup: ignoring input
nohup: ignoring input
nohup: ignoring input
